
> citystreetgame@0.0.0 build
> vite build

vite v5.4.21 building for production...
transforming...
✓ 12 modules transformed.
x Build failed in 166ms
error during build:
src/game/core.js (29:4): "calculateBoundariesCenter" is not exported by "src/utils/geo.js", imported by "src/game/core.js".
file: /Users/ben/projects/web/citystreetgame/src/game/core.js:29:4

27: } from '../api/osm.js';
28: import { 
29:     calculateBoundariesCenter, 
        ^
30:     getLargestPolygon, 
31:     calculateDistanceMeters 

    at getRollupError (file:///Users/ben/projects/web/citystreetgame/node_modules/rollup/dist/es/shared/parseAst.js:401:41)
    at error (file:///Users/ben/projects/web/citystreetgame/node_modules/rollup/dist/es/shared/parseAst.js:397:42)
    at Module.error (file:///Users/ben/projects/web/citystreetgame/node_modules/rollup/dist/es/shared/node-entry.js:16946:16)
    at Module.traceVariable (file:///Users/ben/projects/web/citystreetgame/node_modules/rollup/dist/es/shared/node-entry.js:17400:29)
    at ModuleScope.findVariable (file:///Users/ben/projects/web/citystreetgame/node_modules/rollup/dist/es/shared/node-entry.js:15067:39)
    at FunctionScope.findVariable (file:///Users/ben/projects/web/citystreetgame/node_modules/rollup/dist/es/shared/node-entry.js:5641:38)
    at FunctionBodyScope.findVariable (file:///Users/ben/projects/web/citystreetgame/node_modules/rollup/dist/es/shared/node-entry.js:5641:38)
    at TrackingScope.findVariable (file:///Users/ben/projects/web/citystreetgame/node_modules/rollup/dist/es/shared/node-entry.js:5641:38)
    at BlockScope.findVariable (file:///Users/ben/projects/web/citystreetgame/node_modules/rollup/dist/es/shared/node-entry.js:5641:38)
    at TrackingScope.findVariable (file:///Users/ben/projects/web/citystreetgame/node_modules/rollup/dist/es/shared/node-entry.js:5641:38)
